2026-10-08T06:01:56.4308189Z Current runner version: '2.337.0'
2026-10-08T06:01:56.4333874Z ##[group]Runner Image Provisioner
2026-10-08T06:01:56.4334878Z Hosted Compute Agent
2026-10-08T06:01:56.4335475Z Version: 20261002.596
2026-10-08T06:01:56.4336145Z Commit: c3d12f3313a95f25162a1503be624f3b0617f8c0
2026-10-08T06:01:56.4337235Z Build Date: 2026-10-02T22:28:27Z
2026-10-08T06:01:56.4337981Z Worker ID: {4398d573-3f44-404d-bcb4-9ddd2835a6ee}
2026-10-08T06:01:56.4338832Z Region: eastus2
2026-10-08T06:01:56.4339436Z Cloud: Azure
2026-10-08T06:01:56.4340007Z ##[endgroup]
2026-10-08T06:01:56.4341606Z ##[group]Operating System
2026-10-08T06:01:56.4342288Z Ubuntu
2026-10-08T06:01:56.4342885Z 24.04.5
2026-10-08T06:01:56.4343396Z LTS
2026-10-08T06:01:56.4343887Z ##[endgroup]
2026-10-08T06:01:56.4344497Z ##[group]Runner Image
2026-10-08T06:01:56.4345102Z Image: ubuntu-24.04
2026-10-08T06:01:56.4345817Z Version: 20261004.327.1
2026-10-08T06:01:56.4347368Z Included Software: https://github.com/actions/runner-images/blob/ubuntu24/20261004.327/images/ubuntu/Ubuntu2404-Readme.md
2026-10-08T06:01:56.4349056Z Image Release: https://github.com/actions/runner-images/releases/tag/ubuntu24%2F20261004.327
2026-10-08T06:01:56.4350138Z ##[endgroup]
2026-10-08T06:01:56.4351491Z ##[group]GITHUB_TOKEN Permissions
2026-10-08T06:01:56.4354230Z Contents: read
2026-10-08T06:01:56.4354908Z Metadata: read
2026-10-08T06:01:56.4355535Z Packages: read
2026-10-08T06:01:56.4356112Z ##[endgroup]
2026-10-08T06:01:56.4358431Z Secret source: Actions
2026-10-08T06:01:56.4359346Z Cache mode: write
2026-10-08T06:01:56.4360437Z Prepare workflow directory
2026-10-08T06:01:56.4695625Z Prepare all required actions
2026-10-08T06:01:56.4743640Z Getting action download info
2026-10-08T06:01:56.7099333Z Download action repository 'actions/checkout@v4' (SHA:11d5960a326750d5838078e36cf38b85af677262)
2026-10-08T06:01:56.8103509Z Download action repository 'actions/setup-python@v5' (SHA:a26af69be951a213d495a4c3e4e4022e16d87065)
2026-10-08T06:01:56.8930334Z Download action repository 'actions/setup-node@v4' (SHA:49933ea5288caeca8642d1e84afbd3f7d6820020)
2026-10-08T06:01:57.0813205Z Complete job name: verify
2026-10-08T06:01:57.1600607Z ##[group]Run actions/checkout@v4
2026-10-08T06:01:57.1601502Z with:
2026-10-08T06:01:57.1601981Z   repository: ADAMBUILD-ai/mindle-media-ai
2026-10-08T06:01:57.1605926Z   token: ***
2026-10-08T06:01:57.1606368Z   ssh-strict: true
2026-10-08T06:01:57.1607037Z   ssh-user: git
2026-10-08T06:01:57.1607509Z   persist-credentials: true
2026-10-08T06:01:57.1608002Z   clean: true
2026-10-08T06:01:57.1608460Z   sparse-checkout-cone-mode: true
2026-10-08T06:01:57.1608993Z   fetch-depth: 1
2026-10-08T06:01:57.1609428Z   fetch-tags: false
2026-10-08T06:01:57.1609941Z   show-progress: true
2026-10-08T06:01:57.1610458Z   lfs: false
2026-10-08T06:01:57.1610926Z   submodules: false
2026-10-08T06:01:57.1611440Z   set-safe-directory: true
2026-10-08T06:01:57.1611987Z   allow-unsafe-pr-checkout: false
2026-10-08T06:01:57.1612768Z ##[endgroup]
2026-10-08T06:01:57.2632801Z Syncing repository: ADAMBUILD-ai/mindle-media-ai
2026-10-08T06:01:57.2635427Z ##[group]Getting Git version info
2026-10-08T06:01:57.2636739Z Working directory is '/home/runner/work/mindle-media-ai/mindle-media-ai'
2026-10-08T06:01:57.2638824Z [command]/usr/bin/git version
2026-10-08T06:01:57.2728123Z git version 2.55.0
2026-10-08T06:01:57.2755806Z ##[endgroup]
2026-10-08T06:01:57.2774868Z Temporarily overriding HOME='/home/runner/work/_temp/4a841754-3bf0-4f5b-ae34-116fd2a7acc0' before making global git config changes
2026-10-08T06:01:57.2777894Z Adding repository directory to the temporary git global config as a safe directory
2026-10-08T06:01:57.2783862Z [command]/usr/bin/git config --global --add safe.directory /home/runner/work/mindle-media-ai/mindle-media-ai
2026-10-08T06:01:57.2841398Z Deleting the contents of '/home/runner/work/mindle-media-ai/mindle-media-ai'
2026-10-08T06:01:57.2850587Z ##[group]Initializing the repository
2026-10-08T06:01:57.2855449Z [command]/usr/bin/git init /home/runner/work/mindle-media-ai/mindle-media-ai
2026-10-08T06:01:57.3000177Z hint: Using 'master' as the name for the initial branch. This default branch name
2026-10-08T06:01:57.3001945Z hint: will change to "main" in Git 3.0. To configure the initial branch name
2026-10-08T06:01:57.3004399Z hint: to use in all of your new repositories, which will suppress this warning,
2026-10-08T06:01:57.3005594Z hint: call:
2026-10-08T06:01:57.3006218Z hint:
2026-10-08T06:01:57.3007216Z hint: 	git config --global init.defaultBranch <name>
2026-10-08T06:01:57.3008288Z hint:
2026-10-08T06:01:57.3009291Z hint: Names commonly chosen instead of 'master' are 'main', 'trunk' and
2026-10-08T06:01:57.3010816Z hint: 'development'. The just-created branch can be renamed via this command:
2026-10-08T06:01:57.3012011Z hint:
2026-10-08T06:01:57.3012656Z hint: 	git branch -m <name>
2026-10-08T06:01:57.3013442Z hint:
2026-10-08T06:01:57.3014551Z hint: Disable this message with "git config set advice.defaultBranchName false"
2026-10-08T06:01:57.3016336Z Initialized empty Git repository in /home/runner/work/mindle-media-ai/mindle-media-ai/.git/
2026-10-08T06:01:57.3019297Z [command]/usr/bin/git remote add origin https://github.com/ADAMBUILD-ai/mindle-media-ai
2026-10-08T06:01:57.3071937Z ##[endgroup]
2026-10-08T06:01:57.3073550Z ##[group]Disabling automatic garbage collection
2026-10-08T06:01:57.3074973Z [command]/usr/bin/git config --local gc.auto 0
2026-10-08T06:01:57.3107838Z ##[endgroup]
2026-10-08T06:01:57.3109297Z ##[group]Setting up auth
2026-10-08T06:01:57.3113381Z [command]/usr/bin/git config --local --name-only --get-regexp core\.sshCommand
2026-10-08T06:01:57.3148701Z [command]/usr/bin/git submodule foreach --recursive sh -c "git config --local --name-only --get-regexp 'core\.sshCommand' && git config --local --unset-all 'core.sshCommand' || :"
2026-10-08T06:01:57.3561511Z [command]/usr/bin/git config --local --name-only --get-regexp http\.https\:\/\/github\.com\/\.extraheader
2026-10-08T06:01:57.3599820Z [command]/usr/bin/git submodule foreach --recursive sh -c "git config --local --name-only --get-regexp 'http\.https\:\/\/github\.com\/\.extraheader' && git config --local --unset-all 'http.https://github.com/.extraheader' || :"
2026-10-08T06:01:57.3825795Z [command]/usr/bin/git config --local --name-only --get-regexp ^includeIf\.gitdir:
2026-10-08T06:01:57.3862587Z [command]/usr/bin/git submodule foreach --recursive git config --local --show-origin --name-only --get-regexp remote.origin.url
2026-10-08T06:01:57.4096227Z [command]/usr/bin/git config --local http.https://github.com/.extraheader AUTHORIZATION: basic ***
2026-10-08T06:01:57.4138293Z ##[endgroup]
2026-10-08T06:01:57.4139134Z ##[group]Fetching the repository
2026-10-08T06:01:57.4148404Z [command]/usr/bin/git -c protocol.version=2 fetch --no-tags --prune --no-recurse-submodules --depth=1 origin +37683b204028fc498193f669367f3381ae4bf59d:refs/remotes/pull/23/merge
2026-10-08T06:02:00.1400982Z From https://github.com/ADAMBUILD-ai/mindle-media-ai
2026-10-08T06:02:00.1403680Z  * [new ref]         37683b204028fc498193f669367f3381ae4bf59d -> pull/23/merge
2026-10-08T06:02:00.1409382Z ##[endgroup]
2026-10-08T06:02:00.1411441Z ##[group]Determining the checkout info
2026-10-08T06:02:00.1413676Z ##[endgroup]
2026-10-08T06:02:00.1417319Z [command]/usr/bin/git sparse-checkout disable
2026-10-08T06:02:00.1474292Z [command]/usr/bin/git config --local --unset-all extensions.worktreeConfig
2026-10-08T06:02:00.1518836Z ##[group]Checking out the ref
2026-10-08T06:02:00.1522170Z [command]/usr/bin/git checkout --progress --force refs/remotes/pull/23/merge
2026-10-08T06:02:00.8686419Z Note: switching to 'refs/remotes/pull/23/merge'.
2026-10-08T06:02:00.8688718Z 
2026-10-08T06:02:00.8689226Z You are in 'detached HEAD' state. You can look around, make experimental
2026-10-08T06:02:00.8690030Z changes and commit them, and you can discard any commits you make in this
2026-10-08T06:02:00.8690962Z state without impacting any branches by switching back to a branch.
2026-10-08T06:02:00.8691728Z 
2026-10-08T06:02:00.8692244Z If you want to create a new branch to retain commits you create, you may
2026-10-08T06:02:00.8693769Z do so (now or later) by using -c with the switch command. Example:
2026-10-08T06:02:00.8694360Z 
2026-10-08T06:02:00.8694656Z   git switch -c <new-branch-name>
2026-10-08T06:02:00.8695128Z 
2026-10-08T06:02:00.8695411Z Or undo this operation with:
2026-10-08T06:02:00.8695796Z 
2026-10-08T06:02:00.8696024Z   git switch -
2026-10-08T06:02:00.8696359Z 
2026-10-08T06:02:00.8697095Z Turn off this advice by setting config variable advice.detachedHead to false
2026-10-08T06:02:00.8697856Z 
2026-10-08T06:02:00.8698605Z HEAD is now at 37683b2 Merge 67eb55548ee9d36d8ee6b5791c3f5c8be5ea449f into 2d26c335020d7a84466a804e6ac48be986e6a29f
2026-10-08T06:02:00.8725206Z ##[endgroup]
2026-10-08T06:02:00.8777126Z [command]/usr/bin/git log -1 --format=%H
2026-10-08T06:02:00.8805575Z 37683b204028fc498193f669367f3381ae4bf59d
2026-10-08T06:02:00.9108691Z ##[group]Run actions/setup-python@v5
2026-10-08T06:02:00.9109123Z with:
2026-10-08T06:02:00.9109421Z   python-version: 3.11
2026-10-08T06:02:00.9109770Z   check-latest: false
2026-10-08T06:02:00.9112619Z   token: ***
2026-10-08T06:02:00.9112926Z   update-environment: true
2026-10-08T06:02:00.9113271Z   allow-prereleases: false
2026-10-08T06:02:00.9113623Z   freethreaded: false
2026-10-08T06:02:00.9113926Z ##[endgroup]
2026-10-08T06:02:01.0451764Z ##[group]Installed versions
2026-10-08T06:02:01.0552122Z (node:2306) [DEP0040] DeprecationWarning: The `punycode` module is deprecated. Please use a userland alternative instead.
2026-10-08T06:02:01.0553276Z (Use `node --trace-deprecation ...` to show where the warning was created)
2026-10-08T06:02:01.0554271Z Successfully set up CPython (3.11.17)
2026-10-08T06:02:01.0555430Z ##[endgroup]
2026-10-08T06:02:01.0808750Z ##[group]Run actions/setup-node@v4
2026-10-08T06:02:01.0809199Z with:
2026-10-08T06:02:01.0809516Z   node-version: 20
2026-10-08T06:02:01.0809845Z   always-auth: false
2026-10-08T06:02:01.0810184Z   check-latest: false
2026-10-08T06:02:01.0813044Z   token: ***
2026-10-08T06:02:01.0813380Z env:
2026-10-08T06:02:01.0813773Z   pythonLocation: /opt/hostedtoolcache/Python/3.11.17/x64
2026-10-08T06:02:01.0814404Z   PKG_CONFIG_PATH: /opt/hostedtoolcache/Python/3.11.17/x64/lib/pkgconfig
2026-10-08T06:02:01.0814994Z   Python_ROOT_DIR: /opt/hostedtoolcache/Python/3.11.17/x64
2026-10-08T06:02:01.0815810Z   Python2_ROOT_DIR: /opt/hostedtoolcache/Python/3.11.17/x64
2026-10-08T06:02:01.0816692Z   Python3_ROOT_DIR: /opt/hostedtoolcache/Python/3.11.17/x64
2026-10-08T06:02:01.0817794Z   LD_LIBRARY_PATH: /opt/hostedtoolcache/Python/3.11.17/x64/lib
2026-10-08T06:02:01.0818558Z ##[endgroup]
2026-10-08T06:02:01.2290113Z Attempting to download 20...
2026-10-08T06:02:01.2398615Z (node:2314) [DEP0040] DeprecationWarning: The `punycode` module is deprecated. Please use a userland alternative instead.
2026-10-08T06:02:01.2400328Z (Use `node --trace-deprecation ...` to show where the warning was created)
2026-10-08T06:02:01.7365473Z Acquiring 20.20.2 - x64 from https://github.com/actions/node-versions/releases/download/20.20.2-23521894959/node-20.20.2-linux-x64.tar.gz
2026-10-08T06:02:02.1763444Z Extracting ...
2026-10-08T06:02:02.1891965Z [command]/usr/bin/tar xz --strip 1 --warning=no-unknown-keyword --overwrite -C /home/runner/work/_temp/c183e5f1-3899-4c0d-9229-969f909c4c22 -f /home/runner/work/_temp/6bbe60ed-47b8-4bb9-b2c4-d5cc4d60535f
2026-10-08T06:02:03.1920385Z Adding to the cache ...
2026-10-08T06:02:05.0135903Z ##[group]Environment details
2026-10-08T06:02:05.2330197Z node: v20.20.2
2026-10-08T06:02:05.2330872Z npm: 10.8.2
2026-10-08T06:02:05.2331416Z yarn: 1.22.22
2026-10-08T06:02:05.2332235Z ##[endgroup]
2026-10-08T06:02:05.2516596Z ##[group]Run python -m pip install --upgrade pip
2026-10-08T06:02:05.2517445Z [36;1mpython -m pip install --upgrade pip[0m
2026-10-08T06:02:05.2806129Z shell: /usr/bin/bash -e {0}
2026-10-08T06:02:05.2806461Z env:
2026-10-08T06:02:05.2807097Z   pythonLocation: /opt/hostedtoolcache/Python/3.11.17/x64
2026-10-08T06:02:05.2807672Z   PKG_CONFIG_PATH: /opt/hostedtoolcache/Python/3.11.17/x64/lib/pkgconfig
2026-10-08T06:02:05.2808507Z   Python_ROOT_DIR: /opt/hostedtoolcache/Python/3.11.17/x64
2026-10-08T06:02:05.2808974Z   Python2_ROOT_DIR: /opt/hostedtoolcache/Python/3.11.17/x64
2026-10-08T06:02:05.2809449Z   Python3_ROOT_DIR: /opt/hostedtoolcache/Python/3.11.17/x64
2026-10-08T06:02:05.2809920Z   LD_LIBRARY_PATH: /opt/hostedtoolcache/Python/3.11.17/x64/lib
2026-10-08T06:02:05.2810315Z ##[endgroup]
2026-10-08T06:02:05.9954204Z Requirement already satisfied: pip in /opt/hostedtoolcache/Python/3.11.17/x64/lib/python3.11/site-packages (26.2.1)
2026-10-08T06:02:06.1758907Z ##[group]Run python -m pip install ".[dev]"
2026-10-08T06:02:06.1759311Z [36;1mpython -m pip install ".[dev]"[0m
2026-10-08T06:02:06.1824953Z shell: /usr/bin/bash -e {0}
2026-10-08T06:02:06.1825224Z env:
2026-10-08T06:02:06.1825505Z   pythonLocation: /opt/hostedtoolcache/Python/3.11.17/x64
2026-10-08T06:02:06.1825983Z   PKG_CONFIG_PATH: /opt/hostedtoolcache/Python/3.11.17/x64/lib/pkgconfig
2026-10-08T06:02:06.1826458Z   Python_ROOT_DIR: /opt/hostedtoolcache/Python/3.11.17/x64
2026-10-08T06:02:06.1827123Z   Python2_ROOT_DIR: /opt/hostedtoolcache/Python/3.11.17/x64
2026-10-08T06:02:06.1827571Z   Python3_ROOT_DIR: /opt/hostedtoolcache/Python/3.11.17/x64
2026-10-08T06:02:06.1827982Z   LD_LIBRARY_PATH: /opt/hostedtoolcache/Python/3.11.17/x64/lib
2026-10-08T06:02:06.1828351Z ##[endgroup]
2026-10-08T06:02:06.5513054Z Processing ./.
2026-10-08T06:02:06.5532084Z   Installing build dependencies: started
2026-10-08T06:02:07.8798487Z   Installing build dependencies: finished with status 'done'
2026-10-08T06:02:07.8807927Z   Getting requirements to build wheel: started
2026-10-08T06:02:08.3284114Z   Getting requirements to build wheel: finished with status 'done'
2026-10-08T06:02:08.3293262Z   Preparing metadata (pyproject.toml): started
2026-10-08T06:02:08.6618451Z   Preparing metadata (pyproject.toml): finished with status 'done'
2026-10-08T06:02:08.9126356Z Collecting Pillow>=10.0 (from mindle-media-ai==0.1.0)
2026-10-08T06:02:08.9689523Z   Downloading pillow-12.3.0-cp311-cp311-manylinux_2_27_x86_64.manylinux_2_28_x86_64.whl.metadata (9.1 kB)
2026-10-08T06:02:09.0260400Z Collecting opencv-python-headless>=5.0 (from mindle-media-ai==0.1.0)
2026-10-08T06:02:09.0333747Z   Downloading opencv_python_headless-5.0.0.93-cp37-abi3-manylinux_2_28_x86_64.whl.metadata (19 kB)
2026-10-08T06:02:09.0844450Z Collecting huggingface_hub==0.36.0 (from mindle-media-ai==0.1.0)
2026-10-08T06:02:09.0917322Z   Downloading huggingface_hub-0.36.0-py3-none-any.whl.metadata (14 kB)
2026-10-08T06:02:09.1318945Z Collecting pytest>=9.0 (from mindle-media-ai==0.1.0)
2026-10-08T06:02:09.1390645Z   Downloading pytest-9.1.1-py3-none-any.whl.metadata (7.6 kB)
2026-10-08T06:02:09.1675029Z Collecting filelock (from huggingface_hub==0.36.0->mindle-media-ai==0.1.0)
2026-10-08T06:02:09.1745717Z   Downloading filelock-4.0.12-py3-none-any.whl.metadata (2.0 kB)
2026-10-08T06:02:09.1957064Z Collecting fsspec>=2023.5.0 (from huggingface_hub==0.36.0->mindle-media-ai==0.1.0)
2026-10-08T06:02:09.2029314Z   Downloading fsspec-2026.9.0-py3-none-any.whl.metadata (10 kB)
2026-10-08T06:02:09.2355754Z Collecting packaging>=20.9 (from huggingface_hub==0.36.0->mindle-media-ai==0.1.0)
2026-10-08T06:02:09.2426509Z   Downloading packaging-26.3-py3-none-any.whl.metadata (3.5 kB)
2026-10-08T06:02:09.2799375Z Collecting pyyaml>=5.1 (from huggingface_hub==0.36.0->mindle-media-ai==0.1.0)
2026-10-08T06:02:09.2875668Z   Downloading pyyaml-6.0.3-cp311-cp311-manylinux2014_x86_64.manylinux_2_17_x86_64.manylinux_2_28_x86_64.whl.metadata (2.4 kB)
2026-10-08T06:02:09.3130084Z Collecting requests (from huggingface_hub==0.36.0->mindle-media-ai==0.1.0)
2026-10-08T06:02:09.3200555Z   Downloading requests-2.34.2-py3-none-any.whl.metadata (4.8 kB)
2026-10-08T06:02:09.3482646Z Collecting tqdm>=4.42.1 (from huggingface_hub==0.36.0->mindle-media-ai==0.1.0)
2026-10-08T06:02:09.3552895Z   Downloading tqdm-4.70.1-py3-none-any.whl.metadata (57 kB)
2026-10-08T06:02:09.3823386Z Collecting typing-extensions>=3.7.4.3 (from huggingface_hub==0.36.0->mindle-media-ai==0.1.0)
2026-10-08T06:02:09.3894105Z   Downloading typing_extensions-4.16.0-py3-none-any.whl.metadata (3.3 kB)
2026-10-08T06:02:09.4326235Z Collecting hf-xet<2.0.0,>=1.1.3 (from huggingface_hub==0.36.0->mindle-media-ai==0.1.0)
2026-10-08T06:02:09.4395902Z   Downloading hf_xet-1.7.0-cp38-abi3-manylinux2014_x86_64.manylinux_2_17_x86_64.whl.metadata (4.9 kB)
2026-10-08T06:02:09.6518303Z Collecting numpy>=2 (from opencv-python-headless>=5.0->mindle-media-ai==0.1.0)
2026-10-08T06:02:09.6591108Z   Downloading numpy-2.4.6-cp311-cp311-manylinux_2_27_x86_64.manylinux_2_28_x86_64.whl.metadata (6.6 kB)
2026-10-08T06:02:09.6823334Z Collecting iniconfig>=1.0.1 (from pytest>=9.0->mindle-media-ai==0.1.0)
2026-10-08T06:02:09.6895021Z   Downloading iniconfig-2.3.1-py3-none-any.whl.metadata (2.8 kB)
2026-10-08T06:02:09.7053088Z Collecting pluggy<2,>=1.5 (from pytest>=9.0->mindle-media-ai==0.1.0)
2026-10-08T06:02:09.7125554Z   Downloading pluggy-1.6.0-py3-none-any.whl.metadata (4.8 kB)
2026-10-08T06:02:09.7336480Z Collecting pygments>=2.7.2 (from pytest>=9.0->mindle-media-ai==0.1.0)
2026-10-08T06:02:09.7404147Z   Downloading pygments-2.21.0-py3-none-any.whl.metadata (2.5 kB)
2026-10-08T06:02:09.8609014Z Collecting charset_normalizer<4,>=2 (from requests->huggingface_hub==0.36.0->mindle-media-ai==0.1.0)
2026-10-08T06:02:09.8691075Z   Downloading charset_normalizer-3.5.2-cp311-cp311-manylinux2014_x86_64.manylinux_2_17_x86_64.manylinux_2_28_x86_64.whl.metadata (46 kB)
2026-10-08T06:02:09.8878762Z Collecting idna<4,>=2.5 (from requests->huggingface_hub==0.36.0->mindle-media-ai==0.1.0)
2026-10-08T06:02:09.8948504Z   Downloading idna-3.20-py3-none-any.whl.metadata (7.2 kB)
2026-10-08T06:02:09.9174401Z Collecting urllib3<3,>=1.26 (from requests->huggingface_hub==0.36.0->mindle-media-ai==0.1.0)
2026-10-08T06:02:09.9245531Z   Downloading urllib3-2.8.0-py3-none-any.whl.metadata (7.4 kB)
2026-10-08T06:02:09.9439872Z Collecting certifi>=2023.5.7 (from requests->huggingface_hub==0.36.0->mindle-media-ai==0.1.0)
2026-10-08T06:02:09.9515417Z   Downloading certifi-2026.7.22-py3-none-any.whl.metadata (2.5 kB)
2026-10-08T06:02:09.9646556Z Downloading huggingface_hub-0.36.0-py3-none-any.whl (566 kB)
2026-10-08T06:02:09.9853642Z    ━━━━━━━━━━━━━━━━━━━━━━━━━━━━━━━━━━━━━━━━ 566.1/566.1 kB 36.3 MB/s  0:00:00
2026-10-08T06:02:09.9925097Z Downloading hf_xet-1.7.0-cp38-abi3-manylinux2014_x86_64.manylinux_2_17_x86_64.whl (4.2 MB)
2026-10-08T06:02:10.0300238Z    ━━━━━━━━━━━━━━━━━━━━━━━━━━━━━━━━━━━━━━━━ 4.2/4.2 MB 113.4 MB/s  0:00:00
2026-10-08T06:02:10.0380799Z Downloading fsspec-2026.9.0-py3-none-any.whl (221 kB)
2026-10-08T06:02:10.0475635Z Downloading opencv_python_headless-5.0.0.93-cp37-abi3-manylinux_2_28_x86_64.whl (61.2 MB)
2026-10-08T06:02:10.2121173Z    ━━━━━━━━━━━━━━━━━━━━━━━━━━━━━━━━━━━━━━━━ 61.2/61.2 MB 376.7 MB/s  0:00:00
2026-10-08T06:02:10.2194388Z Downloading numpy-2.4.6-cp311-cp311-manylinux_2_27_x86_64.manylinux_2_28_x86_64.whl (16.9 MB)
2026-10-08T06:02:10.2657824Z    ━━━━━━━━━━━━━━━━━━━━━━━━━━━━━━━━━━━━━━━━ 16.9/16.9 MB 378.9 MB/s  0:00:00
2026-10-08T06:02:10.2728913Z Downloading packaging-26.3-py3-none-any.whl (129 kB)
2026-10-08T06:02:10.2828554Z Downloading pillow-12.3.0-cp311-cp311-manylinux_2_27_x86_64.manylinux_2_28_x86_64.whl (6.9 MB)
2026-10-08T06:02:10.3037384Z    ━━━━━━━━━━━━━━━━━━━━━━━━━━━━━━━━━━━━━━━━ 6.9/6.9 MB 362.1 MB/s  0:00:00
2026-10-08T06:02:10.3107593Z Downloading pytest-9.1.1-py3-none-any.whl (386 kB)
2026-10-08T06:02:10.3211846Z Downloading pluggy-1.6.0-py3-none-any.whl (20 kB)
2026-10-08T06:02:10.3300362Z Downloading iniconfig-2.3.1-py3-none-any.whl (7.6 kB)
2026-10-08T06:02:10.3390466Z Downloading pygments-2.21.0-py3-none-any.whl (1.3 MB)
2026-10-08T06:02:10.3451306Z    ━━━━━━━━━━━━━━━━━━━━━━━━━━━━━━━━━━━━━━━━ 1.3/1.3 MB 226.4 MB/s  0:00:00
2026-10-08T06:02:10.3523077Z Downloading pyyaml-6.0.3-cp311-cp311-manylinux2014_x86_64.manylinux_2_17_x86_64.manylinux_2_28_x86_64.whl (806 kB)
2026-10-08T06:02:10.3572064Z    ━━━━━━━━━━━━━━━━━━━━━━━━━━━━━━━━━━━━━━━━ 806.6/806.6 kB 189.1 MB/s  0:00:00
2026-10-08T06:02:10.3644740Z Downloading tqdm-4.70.1-py3-none-any.whl (80 kB)
2026-10-08T06:02:10.3733533Z Downloading typing_extensions-4.16.0-py3-none-any.whl (45 kB)
2026-10-08T06:02:10.3819988Z Downloading filelock-4.0.12-py3-none-any.whl (111 kB)
2026-10-08T06:02:10.3908997Z Downloading requests-2.34.2-py3-none-any.whl (73 kB)
2026-10-08T06:02:10.4001964Z Downloading charset_normalizer-3.5.2-cp311-cp311-manylinux2014_x86_64.manylinux_2_17_x86_64.manylinux_2_28_x86_64.whl (269 kB)
2026-10-08T06:02:10.4091896Z Downloading idna-3.20-py3-none-any.whl (69 kB)
2026-10-08T06:02:10.4180980Z Downloading urllib3-2.8.0-py3-none-any.whl (135 kB)
2026-10-08T06:02:10.4269527Z Downloading certifi-2026.7.22-py3-none-any.whl (136 kB)
2026-10-08T06:02:10.5537271Z Building wheels for collected packages: mindle-media-ai
2026-10-08T06:02:10.5545086Z   Building wheel for mindle-media-ai (pyproject.toml): started
2026-10-08T06:02:10.7626399Z   Building wheel for mindle-media-ai (pyproject.toml): finished with status 'done'
2026-10-08T06:02:10.7634524Z   Created wheel for mindle-media-ai: filename=mindle_media_ai-0.1.0-py3-none-any.whl size=52193 sha256=8e6aaa4bb405c8a4257543eca7cdeafb19af5094351e14a23ba3f91f80ebad9e
2026-10-08T06:02:10.7636241Z   Stored in directory: /tmp/pip-ephem-wheel-cache-qysybjs2/wheels/0e/c4/a6/8a1d5c1fc1c836c3c0ffa2dbd592c14cd12c3b440cb99c7f9b
2026-10-08T06:02:10.7657059Z Successfully built mindle-media-ai
2026-10-08T06:02:10.8198396Z Installing collected packages: urllib3, typing-extensions, tqdm, pyyaml, pygments, pluggy, Pillow, packaging, numpy, iniconfig, idna, hf-xet, fsspec, filelock, charset_normalizer, certifi, requests, pytest, opencv-python-headless, huggingface_hub, mindle-media-ai
2026-10-08T06:02:15.4206008Z 
2026-10-08T06:02:15.4222867Z Successfully installed Pillow-12.3.0 certifi-2026.7.22 charset_normalizer-3.5.2 filelock-4.0.12 fsspec-2026.9.0 hf-xet-1.7.0 huggingface_hub-0.36.0 idna-3.20 iniconfig-2.3.1 mindle-media-ai-0.1.0 numpy-2.4.6 opencv-python-headless-5.0.0.93 packaging-26.3 pluggy-1.6.0 pygments-2.21.0 pytest-9.1.1 pyyaml-6.0.3 requests-2.34.2 tqdm-4.70.1 typing-extensions-4.16.0 urllib3-2.8.0
2026-10-08T06:02:15.5465714Z ##[group]Run python -m pytest -q
2026-10-08T06:02:15.5466059Z [36;1mpython -m pytest -q[0m
2026-10-08T06:02:15.5530307Z shell: /usr/bin/bash -e {0}
2026-10-08T06:02:15.5530561Z env:
2026-10-08T06:02:15.5530836Z   pythonLocation: /opt/hostedtoolcache/Python/3.11.17/x64
2026-10-08T06:02:15.5531296Z   PKG_CONFIG_PATH: /opt/hostedtoolcache/Python/3.11.17/x64/lib/pkgconfig
2026-10-08T06:02:15.5531751Z   Python_ROOT_DIR: /opt/hostedtoolcache/Python/3.11.17/x64
2026-10-08T06:02:15.5532160Z   Python2_ROOT_DIR: /opt/hostedtoolcache/Python/3.11.17/x64
2026-10-08T06:02:15.5532559Z   Python3_ROOT_DIR: /opt/hostedtoolcache/Python/3.11.17/x64
2026-10-08T06:02:15.5532958Z   LD_LIBRARY_PATH: /opt/hostedtoolcache/Python/3.11.17/x64/lib
2026-10-08T06:02:15.5533291Z ##[endgroup]
2026-10-08T06:02:16.8981408Z ................................................................         [100%]
2026-10-08T06:02:16.8982212Z 64 passed in 0.90s
2026-10-08T06:02:16.9595936Z ##[group]Run python model_scout/validate_evidence_sync.py
2026-10-08T06:02:16.9596718Z [36;1mpython model_scout/validate_evidence_sync.py[0m
2026-10-08T06:02:16.9691407Z shell: /usr/bin/bash -e {0}
2026-10-08T06:02:16.9691725Z env:
2026-10-08T06:02:16.9692060Z   pythonLocation: /opt/hostedtoolcache/Python/3.11.17/x64
2026-10-08T06:02:16.9692666Z   PKG_CONFIG_PATH: /opt/hostedtoolcache/Python/3.11.17/x64/lib/pkgconfig
2026-10-08T06:02:16.9693243Z   Python_ROOT_DIR: /opt/hostedtoolcache/Python/3.11.17/x64
2026-10-08T06:02:16.9693736Z   Python2_ROOT_DIR: /opt/hostedtoolcache/Python/3.11.17/x64
2026-10-08T06:02:16.9694275Z   Python3_ROOT_DIR: /opt/hostedtoolcache/Python/3.11.17/x64
2026-10-08T06:02:16.9694776Z   LD_LIBRARY_PATH: /opt/hostedtoolcache/Python/3.11.17/x64/lib
2026-10-08T06:02:16.9695195Z ##[endgroup]
2026-10-08T06:02:17.0004206Z intake manifests pass
2026-10-08T06:02:17.0004852Z evidence sync pass
2026-10-08T06:02:17.0076806Z ##[group]Run node --test ui/interaction.test.js ui/ssot_structure.test.js
2026-10-08T06:02:17.0077667Z [36;1mnode --test ui/interaction.test.js ui/ssot_structure.test.js[0m
2026-10-08T06:02:17.0141624Z shell: /usr/bin/bash -e {0}
2026-10-08T06:02:17.0141887Z env:
2026-10-08T06:02:17.0142167Z   pythonLocation: /opt/hostedtoolcache/Python/3.11.17/x64
2026-10-08T06:02:17.0142634Z   PKG_CONFIG_PATH: /opt/hostedtoolcache/Python/3.11.17/x64/lib/pkgconfig
2026-10-08T06:02:17.0143098Z   Python_ROOT_DIR: /opt/hostedtoolcache/Python/3.11.17/x64
2026-10-08T06:02:17.0143502Z   Python2_ROOT_DIR: /opt/hostedtoolcache/Python/3.11.17/x64
2026-10-08T06:02:17.0143928Z   Python3_ROOT_DIR: /opt/hostedtoolcache/Python/3.11.17/x64
2026-10-08T06:02:17.0144345Z   LD_LIBRARY_PATH: /opt/hostedtoolcache/Python/3.11.17/x64/lib
2026-10-08T06:02:17.0144690Z ##[endgroup]
2026-10-08T06:02:17.0604150Z TAP version 13
2026-10-08T06:02:17.0883134Z # Subtest: /home/runner/work/mindle-media-ai/mindle-media-ai/ui/interaction.test.js
2026-10-08T06:02:17.0891813Z ok 1 - /home/runner/work/mindle-media-ai/mindle-media-ai/ui/interaction.test.js
2026-10-08T06:02:17.0892636Z   ---
2026-10-08T06:02:17.0893055Z   duration_ms: 35.046748
2026-10-08T06:02:17.0893495Z   ...
2026-10-08T06:02:17.0905440Z # Subtest: /home/runner/work/mindle-media-ai/mindle-media-ai/ui/ssot_structure.test.js
2026-10-08T06:02:17.0906737Z ok 2 - /home/runner/work/mindle-media-ai/mindle-media-ai/ui/ssot_structure.test.js
2026-10-08T06:02:17.0908308Z   ---
2026-10-08T06:02:17.0908673Z   duration_ms: 32.648176
2026-10-08T06:02:17.0908943Z   ...
2026-10-08T06:02:17.0909279Z 1..2
2026-10-08T06:02:17.0910349Z # tests 2
2026-10-08T06:02:17.0912119Z # suites 0
2026-10-08T06:02:17.0913026Z # pass 2
2026-10-08T06:02:17.0913774Z # fail 0
2026-10-08T06:02:17.0916350Z # cancelled 0
2026-10-08T06:02:17.0917627Z # skipped 0
2026-10-08T06:02:17.0919616Z # todo 0
2026-10-08T06:02:17.0925127Z # duration_ms 41.766786
2026-10-08T06:02:17.1005845Z ##[group]Run python model_scout/validate_package_manifest.py --source
2026-10-08T06:02:17.1006397Z [36;1mpython model_scout/validate_package_manifest.py --source[0m
2026-10-08T06:02:17.1070333Z shell: /usr/bin/bash -e {0}
2026-10-08T06:02:17.1070588Z env:
2026-10-08T06:02:17.1070862Z   pythonLocation: /opt/hostedtoolcache/Python/3.11.17/x64
2026-10-08T06:02:17.1071330Z   PKG_CONFIG_PATH: /opt/hostedtoolcache/Python/3.11.17/x64/lib/pkgconfig
2026-10-08T06:02:17.1071779Z   Python_ROOT_DIR: /opt/hostedtoolcache/Python/3.11.17/x64
2026-10-08T06:02:17.1072170Z   Python2_ROOT_DIR: /opt/hostedtoolcache/Python/3.11.17/x64
2026-10-08T06:02:17.1072567Z   Python3_ROOT_DIR: /opt/hostedtoolcache/Python/3.11.17/x64
2026-10-08T06:02:17.1072962Z   LD_LIBRARY_PATH: /opt/hostedtoolcache/Python/3.11.17/x64/lib
2026-10-08T06:02:17.1073293Z ##[endgroup]
2026-10-08T06:02:17.1398183Z source tree completeness pass
2026-10-08T06:02:17.1540819Z Post job cleanup.
2026-10-08T06:02:17.2768031Z (node:2479) [DEP0040] DeprecationWarning: The `punycode` module is deprecated. Please use a userland alternative instead.
2026-10-08T06:02:17.2769142Z (Use `node --trace-deprecation ...` to show where the warning was created)
2026-10-08T06:02:17.3028685Z Post job cleanup.
2026-10-08T06:02:17.4343746Z (node:2487) [DEP0040] DeprecationWarning: The `punycode` module is deprecated. Please use a userland alternative instead.
2026-10-08T06:02:17.4345379Z (Use `node --trace-deprecation ...` to show where the warning was created)
2026-10-08T06:02:17.4604369Z Post job cleanup.
2026-10-08T06:02:17.5489928Z [command]/usr/bin/git version
2026-10-08T06:02:17.5549147Z git version 2.55.0
2026-10-08T06:02:17.5591317Z Temporarily overriding HOME='/home/runner/work/_temp/c1ec0221-5493-4a44-b8c0-c4d9999a7c27' before making global git config changes
2026-10-08T06:02:17.5592990Z Adding repository directory to the temporary git global config as a safe directory
2026-10-08T06:02:17.5597254Z [command]/usr/bin/git config --global --add safe.directory /home/runner/work/mindle-media-ai/mindle-media-ai
2026-10-08T06:02:17.5638740Z [command]/usr/bin/git config --local --name-only --get-regexp core\.sshCommand
2026-10-08T06:02:17.5680161Z [command]/usr/bin/git submodule foreach --recursive sh -c "git config --local --name-only --get-regexp 'core\.sshCommand' && git config --local --unset-all 'core.sshCommand' || :"
2026-10-08T06:02:17.5941068Z [command]/usr/bin/git config --local --name-only --get-regexp http\.https\:\/\/github\.com\/\.extraheader
2026-10-08T06:02:17.5979277Z http.https://github.com/.extraheader
2026-10-08T06:02:17.5993545Z [command]/usr/bin/git config --local --unset-all http.https://github.com/.extraheader
2026-10-08T06:02:17.6030267Z [command]/usr/bin/git submodule foreach --recursive sh -c "git config --local --name-only --get-regexp 'http\.https\:\/\/github\.com\/\.extraheader' && git config --local --unset-all 'http.https://github.com/.extraheader' || :"
2026-10-08T06:02:17.6300817Z [command]/usr/bin/git config --local --name-only --get-regexp ^includeIf\.gitdir:
2026-10-08T06:02:17.6341313Z [command]/usr/bin/git submodule foreach --recursive git config --local --show-origin --name-only --get-regexp remote.origin.url
2026-10-08T06:02:17.6758889Z Cleaning up orphan processes
2026-10-08T06:02:17.7150824Z ##[warning]Node.js 20 is deprecated. The following actions target Node.js 20 but are being forced to run on Node.js 24: actions/checkout@v4, actions/setup-node@v4, actions/setup-python@v5. For more information see: https://github.blog/changelog/2025-09-19-deprecation-of-node-20-on-github-actions-runners/
