2026-10-08T08:51:30.7623071Z Current runner version: '2.337.0'
2026-10-08T08:51:30.7650847Z ##[group]Runner Image Provisioner
2026-10-08T08:51:30.7651796Z Hosted Compute Agent
2026-10-08T08:51:30.7652424Z Version: 20261002.596
2026-10-08T08:51:30.7653130Z Commit: c3d12f3313a95f25162a1503be624f3b0617f8c0
2026-10-08T08:51:30.7653907Z Build Date: 2026-10-02T22:28:27Z
2026-10-08T08:51:30.7654640Z Worker ID: {188816fa-0f9f-4654-b3e0-a4a7281c8afe}
2026-10-08T08:51:30.7655679Z Region: eastus2
2026-10-08T08:51:30.7656330Z Cloud: Azure
2026-10-08T08:51:30.7656909Z ##[endgroup]
2026-10-08T08:51:30.7658557Z ##[group]Operating System
2026-10-08T08:51:30.7659188Z Ubuntu
2026-10-08T08:51:30.7659813Z 24.04.5
2026-10-08T08:51:30.7660364Z LTS
2026-10-08T08:51:30.7660912Z ##[endgroup]
2026-10-08T08:51:30.7661494Z ##[group]Runner Image
2026-10-08T08:51:30.7662112Z Image: ubuntu-24.04
2026-10-08T08:51:30.7662748Z Version: 20261004.327.1
2026-10-08T08:51:30.7664039Z Included Software: https://github.com/actions/runner-images/blob/ubuntu24/20261004.327/images/ubuntu/Ubuntu2404-Readme.md
2026-10-08T08:51:30.7665911Z Image Release: https://github.com/actions/runner-images/releases/tag/ubuntu24%2F20261004.327
2026-10-08T08:51:30.7666938Z ##[endgroup]
2026-10-08T08:51:30.7668327Z ##[group]GITHUB_TOKEN Permissions
2026-10-08T08:51:30.7670549Z Contents: read
2026-10-08T08:51:30.7671306Z Metadata: read
2026-10-08T08:51:30.7671884Z Packages: read
2026-10-08T08:51:30.7672515Z ##[endgroup]
2026-10-08T08:51:30.7674793Z Secret source: Actions
2026-10-08T08:51:30.7676297Z Cache mode: write
2026-10-08T08:51:30.7677360Z Prepare workflow directory
2026-10-08T08:51:30.8022187Z Prepare all required actions
2026-10-08T08:51:30.8072773Z Getting action download info
2026-10-08T08:51:31.0419874Z Download action repository 'actions/checkout@v4' (SHA:11d5960a326750d5838078e36cf38b85af677262)
2026-10-08T08:51:31.1532637Z Download action repository 'actions/setup-python@v5' (SHA:a26af69be951a213d495a4c3e4e4022e16d87065)
2026-10-08T08:51:31.2383142Z Download action repository 'actions/setup-node@v4' (SHA:49933ea5288caeca8642d1e84afbd3f7d6820020)
2026-10-08T08:51:31.4665341Z Complete job name: verify
2026-10-08T08:51:31.5488243Z ##[group]Run actions/checkout@v4
2026-10-08T08:51:31.5489154Z with:
2026-10-08T08:51:31.5489653Z   repository: ADAMBUILD-ai/mindle-media-ai
2026-10-08T08:51:31.5493429Z   token: ***
2026-10-08T08:51:31.5493881Z   ssh-strict: true
2026-10-08T08:51:31.5494335Z   ssh-user: git
2026-10-08T08:51:31.5494805Z   persist-credentials: true
2026-10-08T08:51:31.5495591Z   clean: true
2026-10-08T08:51:31.5496059Z   sparse-checkout-cone-mode: true
2026-10-08T08:51:31.5496599Z   fetch-depth: 1
2026-10-08T08:51:31.5497041Z   fetch-tags: false
2026-10-08T08:51:31.5497499Z   show-progress: true
2026-10-08T08:51:31.5497959Z   lfs: false
2026-10-08T08:51:31.5498382Z   submodules: false
2026-10-08T08:51:31.5498846Z   set-safe-directory: true
2026-10-08T08:51:31.5499371Z   allow-unsafe-pr-checkout: false
2026-10-08T08:51:31.5500199Z ##[endgroup]
2026-10-08T08:51:31.6543837Z Syncing repository: ADAMBUILD-ai/mindle-media-ai
2026-10-08T08:51:31.6547357Z ##[group]Getting Git version info
2026-10-08T08:51:31.6548807Z Working directory is '/home/runner/work/mindle-media-ai/mindle-media-ai'
2026-10-08T08:51:31.6550787Z [command]/usr/bin/git version
2026-10-08T08:51:31.6628524Z git version 2.55.0
2026-10-08T08:51:31.6691394Z ##[endgroup]
2026-10-08T08:51:31.6707319Z Temporarily overriding HOME='/home/runner/work/_temp/757f7fd3-7a50-489c-8acc-f9064ee145fc' before making global git config changes
2026-10-08T08:51:31.6709937Z Adding repository directory to the temporary git global config as a safe directory
2026-10-08T08:51:31.6714224Z [command]/usr/bin/git config --global --add safe.directory /home/runner/work/mindle-media-ai/mindle-media-ai
2026-10-08T08:51:31.6773404Z Deleting the contents of '/home/runner/work/mindle-media-ai/mindle-media-ai'
2026-10-08T08:51:31.6779932Z ##[group]Initializing the repository
2026-10-08T08:51:31.6785195Z [command]/usr/bin/git init /home/runner/work/mindle-media-ai/mindle-media-ai
2026-10-08T08:51:31.6899584Z hint: Using 'master' as the name for the initial branch. This default branch name
2026-10-08T08:51:31.6901364Z hint: will change to "main" in Git 3.0. To configure the initial branch name
2026-10-08T08:51:31.6902935Z hint: to use in all of your new repositories, which will suppress this warning,
2026-10-08T08:51:31.6903928Z hint: call:
2026-10-08T08:51:31.6905234Z hint:
2026-10-08T08:51:31.6905990Z hint: 	git config --global init.defaultBranch <name>
2026-10-08T08:51:31.6907153Z hint:
2026-10-08T08:51:31.6908015Z hint: Names commonly chosen instead of 'master' are 'main', 'trunk' and
2026-10-08T08:51:31.6908977Z hint: 'development'. The just-created branch can be renamed via this command:
2026-10-08T08:51:31.6909723Z hint:
2026-10-08T08:51:31.6910152Z hint: 	git branch -m <name>
2026-10-08T08:51:31.6910638Z hint:
2026-10-08T08:51:31.6911278Z hint: Disable this message with "git config set advice.defaultBranchName false"
2026-10-08T08:51:31.6912946Z Initialized empty Git repository in /home/runner/work/mindle-media-ai/mindle-media-ai/.git/
2026-10-08T08:51:31.6916254Z [command]/usr/bin/git remote add origin https://github.com/ADAMBUILD-ai/mindle-media-ai
2026-10-08T08:51:31.6976409Z ##[endgroup]
2026-10-08T08:51:31.6978203Z ##[group]Disabling automatic garbage collection
2026-10-08T08:51:31.6980715Z [command]/usr/bin/git config --local gc.auto 0
2026-10-08T08:51:31.7021455Z ##[endgroup]
2026-10-08T08:51:31.7022589Z ##[group]Setting up auth
2026-10-08T08:51:31.7030273Z [command]/usr/bin/git config --local --name-only --get-regexp core\.sshCommand
2026-10-08T08:51:31.7068564Z [command]/usr/bin/git submodule foreach --recursive sh -c "git config --local --name-only --get-regexp 'core\.sshCommand' && git config --local --unset-all 'core.sshCommand' || :"
2026-10-08T08:51:31.7489182Z [command]/usr/bin/git config --local --name-only --get-regexp http\.https\:\/\/github\.com\/\.extraheader
2026-10-08T08:51:31.7527439Z [command]/usr/bin/git submodule foreach --recursive sh -c "git config --local --name-only --get-regexp 'http\.https\:\/\/github\.com\/\.extraheader' && git config --local --unset-all 'http.https://github.com/.extraheader' || :"
2026-10-08T08:51:31.7793535Z [command]/usr/bin/git config --local --name-only --get-regexp ^includeIf\.gitdir:
2026-10-08T08:51:31.7839227Z [command]/usr/bin/git submodule foreach --recursive git config --local --show-origin --name-only --get-regexp remote.origin.url
2026-10-08T08:51:31.8097014Z [command]/usr/bin/git config --local http.https://github.com/.extraheader AUTHORIZATION: basic ***
2026-10-08T08:51:31.8147516Z ##[endgroup]
2026-10-08T08:51:31.8148963Z ##[group]Fetching the repository
2026-10-08T08:51:31.8169769Z [command]/usr/bin/git -c protocol.version=2 fetch --no-tags --prune --no-recurse-submodules --depth=1 origin +886d6ad3ca9822606c4fa63fb35ba5a7090cac07:refs/remotes/pull/23/merge
2026-10-08T08:51:34.7445482Z From https://github.com/ADAMBUILD-ai/mindle-media-ai
2026-10-08T08:51:34.7447908Z  * [new ref]         886d6ad3ca9822606c4fa63fb35ba5a7090cac07 -> pull/23/merge
2026-10-08T08:51:34.7453955Z ##[endgroup]
2026-10-08T08:51:34.7456758Z ##[group]Determining the checkout info
2026-10-08T08:51:34.7459498Z ##[endgroup]
2026-10-08T08:51:34.7461042Z [command]/usr/bin/git sparse-checkout disable
2026-10-08T08:51:34.7517144Z [command]/usr/bin/git config --local --unset-all extensions.worktreeConfig
2026-10-08T08:51:34.7560067Z ##[group]Checking out the ref
2026-10-08T08:51:34.7564202Z [command]/usr/bin/git checkout --progress --force refs/remotes/pull/23/merge
2026-10-08T08:51:35.4837920Z Note: switching to 'refs/remotes/pull/23/merge'.
2026-10-08T08:51:35.4844246Z 
2026-10-08T08:51:35.4844892Z You are in 'detached HEAD' state. You can look around, make experimental
2026-10-08T08:51:35.4846200Z changes and commit them, and you can discard any commits you make in this
2026-10-08T08:51:35.4847179Z state without impacting any branches by switching back to a branch.
2026-10-08T08:51:35.4847737Z 
2026-10-08T08:51:35.4848138Z If you want to create a new branch to retain commits you create, you may
2026-10-08T08:51:35.4849282Z do so (now or later) by using -c with the switch command. Example:
2026-10-08T08:51:35.4849608Z 
2026-10-08T08:51:35.4849756Z   git switch -c <new-branch-name>
2026-10-08T08:51:35.4850009Z 
2026-10-08T08:51:35.4850177Z Or undo this operation with:
2026-10-08T08:51:35.4850385Z 
2026-10-08T08:51:35.4850509Z   git switch -
2026-10-08T08:51:35.4850703Z 
2026-10-08T08:51:35.4850988Z Turn off this advice by setting config variable advice.detachedHead to false
2026-10-08T08:51:35.4851364Z 
2026-10-08T08:51:35.4851798Z HEAD is now at 886d6ad Merge 92897f4ff943d30d788416dbb10324f3df2b9427 into 2d26c335020d7a84466a804e6ac48be986e6a29f
2026-10-08T08:51:35.4872572Z ##[endgroup]
2026-10-08T08:51:35.4920181Z [command]/usr/bin/git log -1 --format=%H
2026-10-08T08:51:35.4948360Z 886d6ad3ca9822606c4fa63fb35ba5a7090cac07
2026-10-08T08:51:35.5235449Z ##[group]Run actions/setup-python@v5
2026-10-08T08:51:35.5235858Z with:
2026-10-08T08:51:35.5236130Z   python-version: 3.11
2026-10-08T08:51:35.5236444Z   check-latest: false
2026-10-08T08:51:35.5238946Z   token: ***
2026-10-08T08:51:35.5239215Z   update-environment: true
2026-10-08T08:51:35.5239511Z   allow-prereleases: false
2026-10-08T08:51:35.5239811Z   freethreaded: false
2026-10-08T08:51:35.5240073Z ##[endgroup]
2026-10-08T08:51:35.6571861Z ##[group]Installed versions
2026-10-08T08:51:35.6698860Z (node:2307) [DEP0040] DeprecationWarning: The `punycode` module is deprecated. Please use a userland alternative instead.
2026-10-08T08:51:35.6699782Z (Use `node --trace-deprecation ...` to show where the warning was created)
2026-10-08T08:51:35.6700884Z Successfully set up CPython (3.11.17)
2026-10-08T08:51:35.6701957Z ##[endgroup]
2026-10-08T08:51:35.6966857Z ##[group]Run actions/setup-node@v4
2026-10-08T08:51:35.6967432Z with:
2026-10-08T08:51:35.6967818Z   node-version: 20
2026-10-08T08:51:35.6968225Z   always-auth: false
2026-10-08T08:51:35.6968647Z   check-latest: false
2026-10-08T08:51:35.6973232Z   token: ***
2026-10-08T08:51:35.6973653Z env:
2026-10-08T08:51:35.6974151Z   pythonLocation: /opt/hostedtoolcache/Python/3.11.17/x64
2026-10-08T08:51:35.6975189Z   PKG_CONFIG_PATH: /opt/hostedtoolcache/Python/3.11.17/x64/lib/pkgconfig
2026-10-08T08:51:35.6976000Z   Python_ROOT_DIR: /opt/hostedtoolcache/Python/3.11.17/x64
2026-10-08T08:51:35.6976718Z   Python2_ROOT_DIR: /opt/hostedtoolcache/Python/3.11.17/x64
2026-10-08T08:51:35.6977433Z   Python3_ROOT_DIR: /opt/hostedtoolcache/Python/3.11.17/x64
2026-10-08T08:51:35.6978154Z   LD_LIBRARY_PATH: /opt/hostedtoolcache/Python/3.11.17/x64/lib
2026-10-08T08:51:35.6978765Z ##[endgroup]
2026-10-08T08:51:36.0475354Z Attempting to download 20...
2026-10-08T08:51:36.0590541Z (node:2316) [DEP0040] DeprecationWarning: The `punycode` module is deprecated. Please use a userland alternative instead.
2026-10-08T08:51:36.0591595Z (Use `node --trace-deprecation ...` to show where the warning was created)
2026-10-08T08:51:36.6947545Z Acquiring 20.20.2 - x64 from https://github.com/actions/node-versions/releases/download/20.20.2-23521894959/node-20.20.2-linux-x64.tar.gz
2026-10-08T08:51:37.0826481Z Extracting ...
2026-10-08T08:51:37.0988360Z [command]/usr/bin/tar xz --strip 1 --warning=no-unknown-keyword --overwrite -C /home/runner/work/_temp/983269b9-b510-478f-b99b-30b2fbeb554a -f /home/runner/work/_temp/d8f80e91-5d81-4632-91f4-d8cb288c8c47
2026-10-08T08:51:38.1306263Z Adding to the cache ...
2026-10-08T08:51:39.9162389Z ##[group]Environment details
2026-10-08T08:51:40.1452785Z node: v20.20.2
2026-10-08T08:51:40.1453462Z npm: 10.8.2
2026-10-08T08:51:40.1453906Z yarn: 1.22.22
2026-10-08T08:51:40.1454709Z ##[endgroup]
2026-10-08T08:51:40.1638681Z ##[group]Run python -m pip install --upgrade pip
2026-10-08T08:51:40.1639169Z [36;1mpython -m pip install --upgrade pip[0m
2026-10-08T08:51:40.1986921Z shell: /usr/bin/bash -e {0}
2026-10-08T08:51:40.1987327Z env:
2026-10-08T08:51:40.1987656Z   pythonLocation: /opt/hostedtoolcache/Python/3.11.17/x64
2026-10-08T08:51:40.1988186Z   PKG_CONFIG_PATH: /opt/hostedtoolcache/Python/3.11.17/x64/lib/pkgconfig
2026-10-08T08:51:40.1989012Z   Python_ROOT_DIR: /opt/hostedtoolcache/Python/3.11.17/x64
2026-10-08T08:51:40.1989480Z   Python2_ROOT_DIR: /opt/hostedtoolcache/Python/3.11.17/x64
2026-10-08T08:51:40.1989951Z   Python3_ROOT_DIR: /opt/hostedtoolcache/Python/3.11.17/x64
2026-10-08T08:51:40.1990424Z   LD_LIBRARY_PATH: /opt/hostedtoolcache/Python/3.11.17/x64/lib
2026-10-08T08:51:40.1990820Z ##[endgroup]
2026-10-08T08:51:44.1386174Z Requirement already satisfied: pip in /opt/hostedtoolcache/Python/3.11.17/x64/lib/python3.11/site-packages (26.2.1)
2026-10-08T08:51:44.4444243Z ##[group]Run python -m pip install ".[dev]"
2026-10-08T08:51:44.4444642Z [36;1mpython -m pip install ".[dev]"[0m
2026-10-08T08:51:44.4510952Z shell: /usr/bin/bash -e {0}
2026-10-08T08:51:44.4511228Z env:
2026-10-08T08:51:44.4511498Z   pythonLocation: /opt/hostedtoolcache/Python/3.11.17/x64
2026-10-08T08:51:44.4511951Z   PKG_CONFIG_PATH: /opt/hostedtoolcache/Python/3.11.17/x64/lib/pkgconfig
2026-10-08T08:51:44.4512409Z   Python_ROOT_DIR: /opt/hostedtoolcache/Python/3.11.17/x64
2026-10-08T08:51:44.4512790Z   Python2_ROOT_DIR: /opt/hostedtoolcache/Python/3.11.17/x64
2026-10-08T08:51:44.4513211Z   Python3_ROOT_DIR: /opt/hostedtoolcache/Python/3.11.17/x64
2026-10-08T08:51:44.4513624Z   LD_LIBRARY_PATH: /opt/hostedtoolcache/Python/3.11.17/x64/lib
2026-10-08T08:51:44.4513956Z ##[endgroup]
2026-10-08T08:51:44.7930900Z Processing ./.
2026-10-08T08:51:44.7947374Z   Installing build dependencies: started
2026-10-08T08:51:45.5513461Z   Installing build dependencies: finished with status 'done'
2026-10-08T08:51:45.5526115Z   Getting requirements to build wheel: started
2026-10-08T08:51:46.0576439Z   Getting requirements to build wheel: finished with status 'done'
2026-10-08T08:51:46.0585940Z   Preparing metadata (pyproject.toml): started
2026-10-08T08:51:46.2459285Z   Preparing metadata (pyproject.toml): finished with status 'done'
2026-10-08T08:51:46.4933062Z Collecting Pillow>=10.0 (from mindle-media-ai==0.1.0)
2026-10-08T08:51:46.5519509Z   Downloading pillow-12.3.0-cp311-cp311-manylinux_2_27_x86_64.manylinux_2_28_x86_64.whl.metadata (9.1 kB)
2026-10-08T08:51:46.6091342Z Collecting opencv-python-headless<6,>=4.12 (from mindle-media-ai==0.1.0)
2026-10-08T08:51:46.6169290Z   Downloading opencv_python_headless-5.0.0.93-cp37-abi3-manylinux_2_28_x86_64.whl.metadata (19 kB)
2026-10-08T08:51:46.6633601Z Collecting huggingface_hub==0.36.0 (from mindle-media-ai==0.1.0)
2026-10-08T08:51:46.6714158Z   Downloading huggingface_hub-0.36.0-py3-none-any.whl.metadata (14 kB)
2026-10-08T08:51:46.7144304Z Collecting pytest>=9.0 (from mindle-media-ai==0.1.0)
2026-10-08T08:51:46.7221411Z   Downloading pytest-9.1.1-py3-none-any.whl.metadata (7.6 kB)
2026-10-08T08:51:46.7504925Z Collecting filelock (from huggingface_hub==0.36.0->mindle-media-ai==0.1.0)
2026-10-08T08:51:46.7582946Z   Downloading filelock-4.0.12-py3-none-any.whl.metadata (2.0 kB)
2026-10-08T08:51:46.7811851Z Collecting fsspec>=2023.5.0 (from huggingface_hub==0.36.0->mindle-media-ai==0.1.0)
2026-10-08T08:51:46.7885732Z   Downloading fsspec-2026.9.0-py3-none-any.whl.metadata (10 kB)
2026-10-08T08:51:46.8231696Z Collecting packaging>=20.9 (from huggingface_hub==0.36.0->mindle-media-ai==0.1.0)
2026-10-08T08:51:46.8314391Z   Downloading packaging-26.3-py3-none-any.whl.metadata (3.5 kB)
2026-10-08T08:51:46.8693081Z Collecting pyyaml>=5.1 (from huggingface_hub==0.36.0->mindle-media-ai==0.1.0)
2026-10-08T08:51:46.8770836Z   Downloading pyyaml-6.0.3-cp311-cp311-manylinux2014_x86_64.manylinux_2_17_x86_64.manylinux_2_28_x86_64.whl.metadata (2.4 kB)
2026-10-08T08:51:46.9046240Z Collecting requests (from huggingface_hub==0.36.0->mindle-media-ai==0.1.0)
2026-10-08T08:51:46.9122546Z   Downloading requests-2.34.2-py3-none-any.whl.metadata (4.8 kB)
2026-10-08T08:51:46.9448738Z Collecting tqdm>=4.42.1 (from huggingface_hub==0.36.0->mindle-media-ai==0.1.0)
2026-10-08T08:51:46.9535167Z   Downloading tqdm-4.70.1-py3-none-any.whl.metadata (57 kB)
2026-10-08T08:51:46.9824289Z Collecting typing-extensions>=3.7.4.3 (from huggingface_hub==0.36.0->mindle-media-ai==0.1.0)
2026-10-08T08:51:46.9898029Z   Downloading typing_extensions-4.16.0-py3-none-any.whl.metadata (3.3 kB)
2026-10-08T08:51:47.0349749Z Collecting hf-xet<2.0.0,>=1.1.3 (from huggingface_hub==0.36.0->mindle-media-ai==0.1.0)
2026-10-08T08:51:47.0425975Z   Downloading hf_xet-1.7.0-cp38-abi3-manylinux2014_x86_64.manylinux_2_17_x86_64.whl.metadata (4.9 kB)
2026-10-08T08:51:47.2596652Z Collecting numpy>=2 (from opencv-python-headless<6,>=4.12->mindle-media-ai==0.1.0)
2026-10-08T08:51:47.2678646Z   Downloading numpy-2.4.6-cp311-cp311-manylinux_2_27_x86_64.manylinux_2_28_x86_64.whl.metadata (6.6 kB)
2026-10-08T08:51:47.2852582Z Collecting iniconfig>=1.0.1 (from pytest>=9.0->mindle-media-ai==0.1.0)
2026-10-08T08:51:47.2924959Z   Downloading iniconfig-2.3.1-py3-none-any.whl.metadata (2.8 kB)
2026-10-08T08:51:47.3088487Z Collecting pluggy<2,>=1.5 (from pytest>=9.0->mindle-media-ai==0.1.0)
2026-10-08T08:51:47.3163399Z   Downloading pluggy-1.6.0-py3-none-any.whl.metadata (4.8 kB)
2026-10-08T08:51:47.3390532Z Collecting pygments>=2.7.2 (from pytest>=9.0->mindle-media-ai==0.1.0)
2026-10-08T08:51:47.3464575Z   Downloading pygments-2.21.0-py3-none-any.whl.metadata (2.5 kB)
2026-10-08T08:51:47.4729347Z Collecting charset_normalizer<4,>=2 (from requests->huggingface_hub==0.36.0->mindle-media-ai==0.1.0)
2026-10-08T08:51:47.4806578Z   Downloading charset_normalizer-3.5.2-cp311-cp311-manylinux2014_x86_64.manylinux_2_17_x86_64.manylinux_2_28_x86_64.whl.metadata (46 kB)
2026-10-08T08:51:47.5011204Z Collecting idna<4,>=2.5 (from requests->huggingface_hub==0.36.0->mindle-media-ai==0.1.0)
2026-10-08T08:51:47.5083461Z   Downloading idna-3.20-py3-none-any.whl.metadata (7.2 kB)
2026-10-08T08:51:47.5320889Z Collecting urllib3<3,>=1.26 (from requests->huggingface_hub==0.36.0->mindle-media-ai==0.1.0)
2026-10-08T08:51:47.5396825Z   Downloading urllib3-2.8.0-py3-none-any.whl.metadata (7.4 kB)
2026-10-08T08:51:47.5602976Z Collecting certifi>=2023.5.7 (from requests->huggingface_hub==0.36.0->mindle-media-ai==0.1.0)
2026-10-08T08:51:47.5675644Z   Downloading certifi-2026.7.22-py3-none-any.whl.metadata (2.5 kB)
2026-10-08T08:51:47.5799391Z Downloading huggingface_hub-0.36.0-py3-none-any.whl (566 kB)
2026-10-08T08:51:47.6049732Z    ━━━━━━━━━━━━━━━━━━━━━━━━━━━━━━━━━━━━━━━━ 566.1/566.1 kB 26.8 MB/s  0:00:00
2026-10-08T08:51:47.6126767Z Downloading hf_xet-1.7.0-cp38-abi3-manylinux2014_x86_64.manylinux_2_17_x86_64.whl (4.2 MB)
2026-10-08T08:51:47.6468471Z    ━━━━━━━━━━━━━━━━━━━━━━━━━━━━━━━━━━━━━━━━ 4.2/4.2 MB 125.8 MB/s  0:00:00
2026-10-08T08:51:47.6547597Z Downloading opencv_python_headless-5.0.0.93-cp37-abi3-manylinux_2_28_x86_64.whl (61.2 MB)
2026-10-08T08:51:47.8507043Z    ━━━━━━━━━━━━━━━━━━━━━━━━━━━━━━━━━━━━━━━━ 61.2/61.2 MB 315.5 MB/s  0:00:00
2026-10-08T08:51:47.8582992Z Downloading fsspec-2026.9.0-py3-none-any.whl (221 kB)
2026-10-08T08:51:47.8683130Z Downloading numpy-2.4.6-cp311-cp311-manylinux_2_27_x86_64.manylinux_2_28_x86_64.whl (16.9 MB)
2026-10-08T08:51:47.9262634Z    ━━━━━━━━━━━━━━━━━━━━━━━━━━━━━━━━━━━━━━━━ 16.9/16.9 MB 303.7 MB/s  0:00:00
2026-10-08T08:51:47.9339149Z Downloading packaging-26.3-py3-none-any.whl (129 kB)
2026-10-08T08:51:47.9437534Z Downloading pillow-12.3.0-cp311-cp311-manylinux_2_27_x86_64.manylinux_2_28_x86_64.whl (6.9 MB)
2026-10-08T08:51:47.9690672Z    ━━━━━━━━━━━━━━━━━━━━━━━━━━━━━━━━━━━━━━━━ 6.9/6.9 MB 298.7 MB/s  0:00:00
2026-10-08T08:51:47.9767780Z Downloading pytest-9.1.1-py3-none-any.whl (386 kB)
2026-10-08T08:51:47.9870245Z Downloading pluggy-1.6.0-py3-none-any.whl (20 kB)
2026-10-08T08:51:47.9967116Z Downloading iniconfig-2.3.1-py3-none-any.whl (7.6 kB)
2026-10-08T08:51:48.0060482Z Downloading pygments-2.21.0-py3-none-any.whl (1.3 MB)
2026-10-08T08:51:48.0136817Z    ━━━━━━━━━━━━━━━━━━━━━━━━━━━━━━━━━━━━━━━━ 1.3/1.3 MB 223.3 MB/s  0:00:00
2026-10-08T08:51:48.0231975Z Downloading pyyaml-6.0.3-cp311-cp311-manylinux2014_x86_64.manylinux_2_17_x86_64.manylinux_2_28_x86_64.whl (806 kB)
2026-10-08T08:51:48.0289735Z    ━━━━━━━━━━━━━━━━━━━━━━━━━━━━━━━━━━━━━━━━ 806.6/806.6 kB 157.3 MB/s  0:00:00
2026-10-08T08:51:48.0375177Z Downloading tqdm-4.70.1-py3-none-any.whl (80 kB)
2026-10-08T08:51:48.0475479Z Downloading typing_extensions-4.16.0-py3-none-any.whl (45 kB)
2026-10-08T08:51:48.0566695Z Downloading filelock-4.0.12-py3-none-any.whl (111 kB)
2026-10-08T08:51:48.0662811Z Downloading requests-2.34.2-py3-none-any.whl (73 kB)
2026-10-08T08:51:48.0763126Z Downloading charset_normalizer-3.5.2-cp311-cp311-manylinux2014_x86_64.manylinux_2_17_x86_64.manylinux_2_28_x86_64.whl (269 kB)
2026-10-08T08:51:48.0862759Z Downloading idna-3.20-py3-none-any.whl (69 kB)
2026-10-08T08:51:48.0959302Z Downloading urllib3-2.8.0-py3-none-any.whl (135 kB)
2026-10-08T08:51:48.1056895Z Downloading certifi-2026.7.22-py3-none-any.whl (136 kB)
2026-10-08T08:51:48.2324543Z Building wheels for collected packages: mindle-media-ai
2026-10-08T08:51:48.2333643Z   Building wheel for mindle-media-ai (pyproject.toml): started
2026-10-08T08:51:48.4418990Z   Building wheel for mindle-media-ai (pyproject.toml): finished with status 'done'
2026-10-08T08:51:48.4426167Z   Created wheel for mindle-media-ai: filename=mindle_media_ai-0.1.0-py3-none-any.whl size=56587 sha256=2845556e8237cf9433c8795c2b699210914502661981fd95f0f5a6dff815e6a9
2026-10-08T08:51:48.4428754Z   Stored in directory: /tmp/pip-ephem-wheel-cache-qng42gic/wheels/0e/c4/a6/8a1d5c1fc1c836c3c0ffa2dbd592c14cd12c3b440cb99c7f9b
2026-10-08T08:51:48.4442186Z Successfully built mindle-media-ai
2026-10-08T08:51:48.4968179Z Installing collected packages: urllib3, typing-extensions, tqdm, pyyaml, pygments, pluggy, Pillow, packaging, numpy, iniconfig, idna, hf-xet, fsspec, filelock, charset_normalizer, certifi, requests, pytest, opencv-python-headless, huggingface_hub, mindle-media-ai
2026-10-08T08:51:53.2314525Z 
2026-10-08T08:51:53.2331463Z Successfully installed Pillow-12.3.0 certifi-2026.7.22 charset_normalizer-3.5.2 filelock-4.0.12 fsspec-2026.9.0 hf-xet-1.7.0 huggingface_hub-0.36.0 idna-3.20 iniconfig-2.3.1 mindle-media-ai-0.1.0 numpy-2.4.6 opencv-python-headless-5.0.0.93 packaging-26.3 pluggy-1.6.0 pygments-2.21.0 pytest-9.1.1 pyyaml-6.0.3 requests-2.34.2 tqdm-4.70.1 typing-extensions-4.16.0 urllib3-2.8.0
2026-10-08T08:51:53.3460156Z ##[group]Run python -m pytest -q
2026-10-08T08:51:53.3460482Z [36;1mpython -m pytest -q[0m
2026-10-08T08:51:53.3525271Z shell: /usr/bin/bash -e {0}
2026-10-08T08:51:53.3525531Z env:
2026-10-08T08:51:53.3525823Z   pythonLocation: /opt/hostedtoolcache/Python/3.11.17/x64
2026-10-08T08:51:53.3526263Z   PKG_CONFIG_PATH: /opt/hostedtoolcache/Python/3.11.17/x64/lib/pkgconfig
2026-10-08T08:51:53.3526692Z   Python_ROOT_DIR: /opt/hostedtoolcache/Python/3.11.17/x64
2026-10-08T08:51:53.3527073Z   Python2_ROOT_DIR: /opt/hostedtoolcache/Python/3.11.17/x64
2026-10-08T08:51:53.3527466Z   Python3_ROOT_DIR: /opt/hostedtoolcache/Python/3.11.17/x64
2026-10-08T08:51:53.3527844Z   LD_LIBRARY_PATH: /opt/hostedtoolcache/Python/3.11.17/x64/lib
2026-10-08T08:51:53.3528162Z ##[endgroup]
2026-10-08T08:51:55.4269278Z ss............ss........................................................ [ 93%]
2026-10-08T08:51:55.4630772Z .....                                                                    [100%]
2026-10-08T08:51:55.4631472Z 73 passed, 4 skipped in 1.67s
2026-10-08T08:51:55.5465213Z ##[group]Run python model_scout/validate_evidence_sync.py
2026-10-08T08:51:55.5465685Z [36;1mpython model_scout/validate_evidence_sync.py[0m
2026-10-08T08:51:55.5530627Z shell: /usr/bin/bash -e {0}
2026-10-08T08:51:55.5530882Z env:
2026-10-08T08:51:55.5531147Z   pythonLocation: /opt/hostedtoolcache/Python/3.11.17/x64
2026-10-08T08:51:55.5531600Z   PKG_CONFIG_PATH: /opt/hostedtoolcache/Python/3.11.17/x64/lib/pkgconfig
2026-10-08T08:51:55.5532030Z   Python_ROOT_DIR: /opt/hostedtoolcache/Python/3.11.17/x64
2026-10-08T08:51:55.5532430Z   Python2_ROOT_DIR: /opt/hostedtoolcache/Python/3.11.17/x64
2026-10-08T08:51:55.5532826Z   Python3_ROOT_DIR: /opt/hostedtoolcache/Python/3.11.17/x64
2026-10-08T08:51:55.5533208Z   LD_LIBRARY_PATH: /opt/hostedtoolcache/Python/3.11.17/x64/lib
2026-10-08T08:51:55.5533738Z ##[endgroup]
2026-10-08T08:51:55.5846556Z intake manifests pass
2026-10-08T08:51:55.5847164Z evidence sync pass
2026-10-08T08:51:55.5917917Z ##[group]Run node --test ui/interaction.test.js ui/ssot_structure.test.js
2026-10-08T08:51:55.5918488Z [36;1mnode --test ui/interaction.test.js ui/ssot_structure.test.js[0m
2026-10-08T08:51:55.5983458Z shell: /usr/bin/bash -e {0}
2026-10-08T08:51:55.5983713Z env:
2026-10-08T08:51:55.5983978Z   pythonLocation: /opt/hostedtoolcache/Python/3.11.17/x64
2026-10-08T08:51:55.5984431Z   PKG_CONFIG_PATH: /opt/hostedtoolcache/Python/3.11.17/x64/lib/pkgconfig
2026-10-08T08:51:55.5984867Z   Python_ROOT_DIR: /opt/hostedtoolcache/Python/3.11.17/x64
2026-10-08T08:51:55.5985628Z   Python2_ROOT_DIR: /opt/hostedtoolcache/Python/3.11.17/x64
2026-10-08T08:51:55.5986031Z   Python3_ROOT_DIR: /opt/hostedtoolcache/Python/3.11.17/x64
2026-10-08T08:51:55.5986444Z   LD_LIBRARY_PATH: /opt/hostedtoolcache/Python/3.11.17/x64/lib
2026-10-08T08:51:55.5986771Z ##[endgroup]
2026-10-08T08:51:55.6482838Z TAP version 13
2026-10-08T08:51:55.6823193Z # Subtest: /home/runner/work/mindle-media-ai/mindle-media-ai/ui/interaction.test.js
2026-10-08T08:51:55.6830657Z ok 1 - /home/runner/work/mindle-media-ai/mindle-media-ai/ui/interaction.test.js
2026-10-08T08:51:55.6831520Z   ---
2026-10-08T08:51:55.6831921Z   duration_ms: 43.287776
2026-10-08T08:51:55.6832329Z   ...
2026-10-08T08:51:55.6833284Z # Subtest: /home/runner/work/mindle-media-ai/mindle-media-ai/ui/ssot_structure.test.js
2026-10-08T08:51:55.6834530Z ok 2 - /home/runner/work/mindle-media-ai/mindle-media-ai/ui/ssot_structure.test.js
2026-10-08T08:51:55.6836065Z   ---
2026-10-08T08:51:55.6836437Z   duration_ms: 34.167955
2026-10-08T08:51:55.6836931Z   ...
2026-10-08T08:51:55.6837251Z 1..2
2026-10-08T08:51:55.6837825Z # tests 2
2026-10-08T08:51:55.6839344Z # suites 0
2026-10-08T08:51:55.6840168Z # pass 2
2026-10-08T08:51:55.6840883Z # fail 0
2026-10-08T08:51:55.6842825Z # cancelled 0
2026-10-08T08:51:55.6843814Z # skipped 0
2026-10-08T08:51:55.6845471Z # todo 0
2026-10-08T08:51:55.6851146Z # duration_ms 48.135025
2026-10-08T08:51:55.6925841Z ##[group]Run python model_scout/validate_package_manifest.py --source
2026-10-08T08:51:55.6926410Z [36;1mpython model_scout/validate_package_manifest.py --source[0m
2026-10-08T08:51:55.6990150Z shell: /usr/bin/bash -e {0}
2026-10-08T08:51:55.6990405Z env:
2026-10-08T08:51:55.6990674Z   pythonLocation: /opt/hostedtoolcache/Python/3.11.17/x64
2026-10-08T08:51:55.6991121Z   PKG_CONFIG_PATH: /opt/hostedtoolcache/Python/3.11.17/x64/lib/pkgconfig
2026-10-08T08:51:55.6991560Z   Python_ROOT_DIR: /opt/hostedtoolcache/Python/3.11.17/x64
2026-10-08T08:51:55.6991939Z   Python2_ROOT_DIR: /opt/hostedtoolcache/Python/3.11.17/x64
2026-10-08T08:51:55.6992319Z   Python3_ROOT_DIR: /opt/hostedtoolcache/Python/3.11.17/x64
2026-10-08T08:51:55.6992698Z   LD_LIBRARY_PATH: /opt/hostedtoolcache/Python/3.11.17/x64/lib
2026-10-08T08:51:55.6993015Z ##[endgroup]
2026-10-08T08:51:55.7341259Z source tree completeness pass
2026-10-08T08:51:55.7495285Z Post job cleanup.
2026-10-08T08:51:55.8781542Z (node:2490) [DEP0040] DeprecationWarning: The `punycode` module is deprecated. Please use a userland alternative instead.
2026-10-08T08:51:55.8782532Z (Use `node --trace-deprecation ...` to show where the warning was created)
2026-10-08T08:51:55.8984578Z Post job cleanup.
2026-10-08T08:51:56.0417518Z (node:2498) [DEP0040] DeprecationWarning: The `punycode` module is deprecated. Please use a userland alternative instead.
2026-10-08T08:51:56.0419338Z (Use `node --trace-deprecation ...` to show where the warning was created)
2026-10-08T08:51:56.0717036Z Post job cleanup.
2026-10-08T08:51:56.1616536Z [command]/usr/bin/git version
2026-10-08T08:51:56.1665765Z git version 2.55.0
2026-10-08T08:51:56.1713510Z Temporarily overriding HOME='/home/runner/work/_temp/9196edda-d843-4b87-b376-f205f7ec96de' before making global git config changes
2026-10-08T08:51:56.1715354Z Adding repository directory to the temporary git global config as a safe directory
2026-10-08T08:51:56.1720266Z [command]/usr/bin/git config --global --add safe.directory /home/runner/work/mindle-media-ai/mindle-media-ai
2026-10-08T08:51:56.1765698Z [command]/usr/bin/git config --local --name-only --get-regexp core\.sshCommand
2026-10-08T08:51:56.1806021Z [command]/usr/bin/git submodule foreach --recursive sh -c "git config --local --name-only --get-regexp 'core\.sshCommand' && git config --local --unset-all 'core.sshCommand' || :"
2026-10-08T08:51:56.2070228Z [command]/usr/bin/git config --local --name-only --get-regexp http\.https\:\/\/github\.com\/\.extraheader
2026-10-08T08:51:56.2098992Z http.https://github.com/.extraheader
2026-10-08T08:51:56.2111894Z [command]/usr/bin/git config --local --unset-all http.https://github.com/.extraheader
2026-10-08T08:51:56.2150656Z [command]/usr/bin/git submodule foreach --recursive sh -c "git config --local --name-only --get-regexp 'http\.https\:\/\/github\.com\/\.extraheader' && git config --local --unset-all 'http.https://github.com/.extraheader' || :"
2026-10-08T08:51:56.2427654Z [command]/usr/bin/git config --local --name-only --get-regexp ^includeIf\.gitdir:
2026-10-08T08:51:56.2470331Z [command]/usr/bin/git submodule foreach --recursive git config --local --show-origin --name-only --get-regexp remote.origin.url
2026-10-08T08:51:56.2941811Z Cleaning up orphan processes
2026-10-08T08:51:56.3235359Z ##[warning]Node.js 20 is deprecated. The following actions target Node.js 20 but are being forced to run on Node.js 24: actions/checkout@v4, actions/setup-node@v4, actions/setup-python@v5. For more information see: https://github.blog/changelog/2025-09-19-deprecation-of-node-20-on-github-actions-runners/
